Launch and manage applications on Amazon ECS and AWS Fargate

Commands 
  Getting Started âœ¨
    init        Create a new ECS application
 
  Develop ðŸ”§
    project     Project commands
    env         Environment commands
 
  Settings
    completion  Output shell completion code

Flags
  -h, --help   help for ecs-preview

Examples
  Display the help menu for the init command
  $ ecs-preview init --help
